type main   = Widget
type a      = qn_shapes_a:Shape
type b      = qn_shapes_b:Shape
str class a = <class qn_shapes_a:Shape>
sa is a.Shape = True
sa is b.Shape = False
sb is a.Shape = False
sb is b.Shape = True
sa is 'Shape' = True
sb is 'Shape' = True
sa is 'qn_shapes_a:Shape' = True
sa is 'qn_shapes_b:Shape' = False
type circle    = qn_shapes_b:Circle
circle is a.Shape  = True
circle is b.Circle = True
circle is b.Shape  = False
caught by = a
restored type = qn_shapes_a:Shape
restored is a = True
restored is b = False
restored kind = a
countdown = [3, 2, 1]
StopIteration type = StopIteration
