survived
survived
survived
survived
survived
survived
survived
survived
survived
survived
survived
survived
survived
survived
survived
survived
survived
survived
survived
survived
2
survived
survived
survived

hello
hello

survived
survived
survived
0
survived
survived
survived
survived
1 2 3
3
é
1

survived
survived
survived
survived
survived
survived
survived
survived
survived
9999
survived
survived
True
survived
survived
survived
survived
True
survived
survived
survived
survived
threw
survived
survived
survived
7
True
[1, 2, 3]
