n is 7
3 + 4 = 7
{escaped} 2
Hello, World!
[1, 2, 3]
no placeholders
3 remainder 1
sum is 14
00042
3.14
0x2a
   42|
1,000,000
002
bc
8
5
a5b
n is 7
3 + 4 = 7
{esc} 2
00042
no placeholders
sum is 14
n is 7
3 + 4 = 7
{esc} 2
00042
no placeholders
sum is 14
n is 7
3 + 4 = 7
{esc} 2
00042
no placeholders
sum is 14
n is 7
3 + 4 = 7
{esc} 2
00042
no placeholders
sum is 14
a\t7
7\n
8
