3
4950
12
[1, 2, 3]
20
[1, 99]
[11, 11]
name 'slot8x' is not defined
name 'z' is not defined
12
7
[1, 1]
12
boom
[2, 1, 3, 10, [20, 30, 40]]
3
55
True
maximum recursion depth exceeded
42
woof: Rex sound
5
False
ababab
ababab
[3, 1, 1024, 3.5]
-9223372036854775808
division by zero
[True, True, False, True]
['x', 'x', 1, 1, 1]
