1.2.3
2.0.0
1.0.0
1.2.3-alpha.1+build.7
None
None
None
None
None
3
4
5
['rc', '2']
None
threw
0
-1
1
1
True
True
True
True
True
True
-1
-1
-1
-1
-1
-1
-1
-1
True
True
False
False
True
False
True
False
True
False
True
True
False
True
False
True
False
True
False
True
False
True
True
True
False
True
False
True
False
True
True
True
True
False
True
True
False
True
False
False
True
False
1.9.9
1.0.0
None
v1.5.0
['1.1.0', '1.2.0', '1.10.0']
['1.10.0', '1.2.0', '1.1.0']
['1.0.0-rc.1', '1.0.0', '2.0.0']
['0.9.0', '1.0.0']
major
minor
patch
prerelease
None
2.0.0
1.3.0
1.2.4
1.2.4
threw
True
True
True
None
None
None
None
None
None
False
False
True
None
[]
threw
False
None
fuzz-ok
order-ok
