True
False
True
False
True
True
False
True
True
True
True
compare() expects a number, not 'String'
True
True
True
True
2
0.3
2.0
True
True
ababab
ababab
ABABAB
[1, 2, 1, 2, 1, 2]

True
True
False
True
True
True
True
True
True
True
isinstance second argument must be a class, a built-in type, or a type-name String
str:boom
42
42
True
True
True
['a', 'b']
['']
[]
{'k': 'v'}
[1, 'two', 3.0, True, None]
[['nested']]
["it's"]
['tab\there']
hello
True
0.1
True
True
tensor sqrt: math domain error (got -1.0)
False
tensor floor-division by zero
tensor modulo by zero
True
120
20
120
True
None
10
reduce of empty sequence with no initial value
[1, 3, 6]
no mode for empty data
2
['RED', 'GREEN', 'BLUE']
[0, 1, 2]
True
&#xZZ;
&#;
&#999999999;
AB
False
True
True
True
True
False
True
True
True
False
True
True
True
False
True
